../Src/OSMCAL_prog.c:17:30:Stack_voidSchedulerStackInit	0	static,ignoring_inline_asm
../Src/OSMCAL_prog.c:23:6:Stack_voidTaskStackInit	24	static
../Src/OSMCAL_prog.c:63:6:STk_voidInit	24	static
../Src/OSMCAL_prog.c:79:30:ChangeToPSP	0	static,ignoring_inline_asm
../Src/OSMCAL_prog.c:97:6:EnableSysFualts	4	static
../Src/OSMCAL_prog.c:105:30:PendSV_Handler	0	static,ignoring_inline_asm
../Src/OSMCAL_prog.c:138:13:UnblockTasks	16	static
../Src/OSMCAL_prog.c:152:7:SysTick_Handler	8	static
../Src/OSMCAL_prog.c:163:17:GetPSPvalue	4	static
../Src/OSMCAL_prog.c:167:13:SavePSPvalue	16	static
../Src/OSMCAL_prog.c:171:13:UpdateNextTask	16	static
../Src/OSMCAL_prog.c:190:6:TaskDelay	16	static,ignoring_inline_asm
../Src/OSMCAL_prog.c:209:6:IdelTask	4	static
../Src/OSMCAL_prog.c:213:6:BusFault_Handler	4	static
../Src/OSMCAL_prog.c:217:6:MemManage_Handler	4	static
../Src/OSMCAL_prog.c:221:6:UsageFault_Handler	4	static
